// Jest Snapshot v1, https://goo.gl/fbAQLP

exports[`Snapshot 1`] = `
{
  "Outputs": {
    "apiEndpoint9349E63C": {
      "Value": {
        "Fn::Join": [
          "",
          [
            "https://",
            {
              "Ref": "apiC8550315",
            },
            ".execute-api.",
            {
              "Ref": "AWS::Region",
            },
            ".",
            {
              "Ref": "AWS::URLSuffix",
            },
            "/",
            {
              "Ref": "apiDeploymentStageprod896C8101",
            },
            "/",
          ],
        ],
      },
    },
  },
  "Parameters": {
    "BootstrapVersion": {
      "Default": "/cdk-bootstrap/hnb659fds/version",
      "Description": "Version of the CDK Bootstrap resources in this environment, automatically retrieved from SSM Parameter Store. [cdk:skip]",
      "Type": "AWS::SSM::Parameter::Value<String>",
    },
  },
  "Resources": {
    "apiAccount57E28B43": {
      "DeletionPolicy": "Retain",
      "DependsOn": [
        "apiC8550315",
      ],
      "Properties": {
        "CloudWatchRoleArn": {
          "Fn::GetAtt": [
            "apiCloudWatchRoleAC81D93E",
            "Arn",
          ],
        },
      },
      "Type": "AWS::ApiGateway::Account",
      "UpdateReplacePolicy": "Retain",
    },
    "apiC8550315": {
      "Properties": {
        "Name": "test",
      },
      "Type": "AWS::ApiGateway::RestApi",
    },
    "apiCloudWatchRoleAC81D93E": {
      "DeletionPolicy": "Retain",
      "Properties": {
        "AssumeRolePolicyDocument": {
          "Statement": [
            {
              "Action": "sts:AssumeRole",
              "Effect": "Allow",
              "Principal": {
                "Service": "apigateway.amazonaws.com",
              },
            },
          ],
          "Version": "2012-10-17",
        },
        "ManagedPolicyArns": [
          {
            "Fn::Join": [
              "",
              [
                "arn:",
                {
                  "Ref": "AWS::Partition",
                },
                ":iam::aws:policy/service-role/AmazonAPIGatewayPushToCloudWatchLogs",
              ],
            ],
          },
        ],
      },
      "Type": "AWS::IAM::Role",
      "UpdateReplacePolicy": "Retain",
    },
    "apiDeployment149F1294b7610d1480f86dd7b9ec2de0bb149273": {
      "DependsOn": [
        "apihelloGET997A0215",
        "apihelloFEE3E5B4",
      ],
      "Properties": {
        "Description": "Automatically created by the RestApi construct",
        "RestApiId": {
          "Ref": "apiC8550315",
        },
      },
      "Type": "AWS::ApiGateway::Deployment",
    },
    "apiDeploymentStageprod896C8101": {
      "DependsOn": [
        "apiAccount57E28B43",
      ],
      "Properties": {
        "DeploymentId": {
          "Ref": "apiDeployment149F1294b7610d1480f86dd7b9ec2de0bb149273",
        },
        "RestApiId": {
          "Ref": "apiC8550315",
        },
        "StageName": "prod",
      },
      "Type": "AWS::ApiGateway::Stage",
    },
    "apihelloFEE3E5B4": {
      "Properties": {
        "ParentId": {
          "Fn::GetAtt": [
            "apiC8550315",
            "RootResourceId",
          ],
        },
        "PathPart": "hello",
        "RestApiId": {
          "Ref": "apiC8550315",
        },
      },
      "Type": "AWS::ApiGateway::Resource",
    },
    "apihelloGET997A0215": {
      "Properties": {
        "AuthorizationType": "NONE",
        "HttpMethod": "GET",
        "Integration": {
          "IntegrationHttpMethod": "GET",
          "Type": "HTTP_PROXY",
          "Uri": {
            "Fn::Join": [
              "",
              [
                "https://",
                {
                  "Fn::GetAtt": [
                    "quarkusapprunnerC3E0CACE",
                    "ServiceId",
                  ],
                },
                ".us-east-1.awsapprunner.com/hello",
              ],
            ],
          },
        },
        "ResourceId": {
          "Ref": "apihelloFEE3E5B4",
        },
        "RestApiId": {
          "Ref": "apiC8550315",
        },
      },
      "Type": "AWS::ApiGateway::Method",
    },
    "quarkusapprunnerAccessRoleD17643E3": {
      "Properties": {
        "AssumeRolePolicyDocument": {
          "Statement": [
            {
              "Action": "sts:AssumeRole",
              "Effect": "Allow",
              "Principal": {
                "Service": "build.apprunner.amazonaws.com",
              },
            },
          ],
          "Version": "2012-10-17",
        },
      },
      "Type": "AWS::IAM::Role",
    },
    "quarkusapprunnerAccessRoleDefaultPolicyECEAFF8C": {
      "Properties": {
        "PolicyDocument": {
          "Statement": [
            {
              "Action": "ecr:GetAuthorizationToken",
              "Effect": "Allow",
              "Resource": "*",
            },
            {
              "Action": [
                "ecr:BatchCheckLayerAvailability",
                "ecr:GetDownloadUrlForLayer",
                "ecr:BatchGetImage",
              ],
              "Effect": "Allow",
              "Resource": {
                "Fn::Join": [
                  "",
                  [
                    "arn:",
                    {
                      "Ref": "AWS::Partition",
                    },
                    ":ecr:",
                    {
                      "Ref": "AWS::Region",
                    },
                    ":",
                    {
                      "Ref": "AWS::AccountId",
                    },
                    ":repository/",
                    {
                      "Fn::Sub": "cdk-hnb659fds-container-assets-\${AWS::AccountId}-\${AWS::Region}",
                    },
                  ],
                ],
              },
            },
          ],
          "Version": "2012-10-17",
        },
        "PolicyName": "quarkusapprunnerAccessRoleDefaultPolicyECEAFF8C",
        "Roles": [
          {
            "Ref": "quarkusapprunnerAccessRoleD17643E3",
          },
        ],
      },
      "Type": "AWS::IAM::Policy",
    },
    "quarkusapprunnerC3E0CACE": {
      "Properties": {
        "InstanceConfiguration": {},
        "NetworkConfiguration": {
          "EgressConfiguration": {
            "EgressType": "DEFAULT",
          },
        },
        "SourceConfiguration": {
          "AuthenticationConfiguration": {
            "AccessRoleArn": {
              "Fn::GetAtt": [
                "quarkusapprunnerAccessRoleD17643E3",
                "Arn",
              ],
            },
          },
          "ImageRepository": {
            "ImageConfiguration": {
              "Port": "8080",
            },
            "ImageIdentifier": {
              "Fn::Sub": "\${AWS::AccountId}.dkr.ecr.\${AWS::Region}.\${AWS::URLSuffix}/cdk-hnb659fds-container-assets-\${AWS::AccountId}-\${AWS::Region}:7dec39aa15d3032a87cf2dd7d46f210ebd06432e6bea5d4f64fffdfd32eeaa6d",
            },
            "ImageRepositoryType": "ECR",
          },
        },
      },
      "Type": "AWS::AppRunner::Service",
    },
  },
  "Rules": {
    "CheckBootstrapVersion": {
      "Assertions": [
        {
          "Assert": {
            "Fn::Not": [
              {
                "Fn::Contains": [
                  [
                    "1",
                    "2",
                    "3",
                    "4",
                    "5",
                  ],
                  {
                    "Ref": "BootstrapVersion",
                  },
                ],
              },
            ],
          },
          "AssertDescription": "CDK bootstrap stack version 6 required. Please run 'cdk bootstrap' with a recent version of the CDK CLI.",
        },
      ],
    },
  },
}
`;
